// Jest Snapshot v1, https://goo.gl/fbAQLP

exports[`should setup LoginPage component correctly 1`] = `
<form
  onSubmit={[Function]}
>
  <label>
    Username: 
  </label>
  <input
    name="username"
    type="text"
  />
  <label>
    Password: 
  </label>
  <input
    name="password"
    type="password"
  />
  <button>
    Login
  </button>
</form>
`;
